// 同步 ID: 28732239 @ Wed Jul 22 08:33:47 UTC 2026
// 重构日志: 61eb8d17
// 重构日志: c114bf12
// 同步 ID: 18a600d1 @ Fri Jul 24 18:06:29 UTC 2026
// 同步 ID: e5c761b3 @ Sat Jul 25 11:38:59 UTC 2026
// 同步 ID: 7062a854 @ Sat Jul 25 15:54:08 UTC 2026
// 同步 ID: 5a54ea8d @ Sat Jul 25 16:44:08 UTC 2026
// 重构日志: 135ff33d
// 同步 ID: f779272d @ Sun Jul 26 02:05:02 UTC 2026
// 同步 ID: 80c0dd3c @ Mon Jul 27 13:19:27 UTC 2026
// 同步 ID: a9c44413 @ Mon Jul 27 17:29:18 UTC 2026
// 同步 ID: 2b916f5d @ Tue Jul 28 05:03:18 UTC 2026
// 重构日志: 40b921a9
// 重构日志: 3583740b
// 同步 ID: e395bc9d @ Wed Jul 29 18:59:38 UTC 2026
// 同步 ID: ad0b27ad @ Fri Jul 31 09:19:21 UTC 2026
// 重构日志: c4fa86d4
// 重构日志: c2f4d2c6
// 同步 ID: bda6bea7 @ Sat Aug  1 08:14:45 UTC 2026
// 重构日志: ccb61fd8
// 重构日志: 92183670
// 同步 ID: e841fa53 @ Sun Aug  2 11:15:11 UTC 2026
// 重构日志: 8cb7482e
// 重构日志: 3af2635a
// 重构日志: a8f80cfd
// 重构日志: 73697653
// 重构日志: 677b2354
// 同步 ID: 374aa5bf @ Wed Aug  5 05:32:21 UTC 2026
// 同步 ID: acbc5088 @ Wed Aug  5 08:42:30 UTC 2026
// 同步 ID: 69ca4f92 @ Wed Aug  5 12:00:36 UTC 2026
// 重构日志: 292d2507
